// Jest Snapshot v1, https://goo.gl/fbAQLP

exports[`Hello should match snapshot 1`] = `
<h1
  className="hello-test"
>
  Hello world
</h1>
`;
